MPLINK 5.09, LINKER
Linker Map File - Created Mon Dec 23 04:42:54 2024

                                 Section Info
                  Section       Type    Address   Location Size(Bytes)
                ---------  ---------  ---------  ---------  ---------
                   .org_0       code   0x000000    program   0x000034
                   .cinit    romdata   0x00001a    program   0x000004
.config_2007_BUILD/DEFAULT/PRODUCTION/ROTACIO       code   0x002007    program   0x000002



                              Program Memory Usage 
                               Start         End      
                           ---------   ---------      
                            0x000000    0x00001b      
                            0x002007    0x002007      
            29 out of 2182 program addresses used, program memory utilization is 1%



                              Symbols - Sorted by Name
                     Name    Address   Location    Storage File                     
                ---------  ---------  ---------  --------- ---------                
             _.org_0_000C   0x00000c    program     static /home/gabo/MPLABXProjects/TMR_RotacionBits.X/Rotacion_TMR0.asm
          bucle_principal   0x000009    program     static /home/gabo/MPLABXProjects/TMR_RotacionBits.X/Rotacion_TMR0.asm
                delay_1ms   0x000016    program     static /home/gabo/MPLABXProjects/TMR_RotacionBits.X/delay.inc
           delay_1ms_wait   0x000017    program     static /home/gabo/MPLABXProjects/TMR_RotacionBits.X/delay.inc
                 delay_ms   0x000011    program     static /home/gabo/MPLABXProjects/TMR_RotacionBits.X/delay.inc
            delay_ms_loop   0x000012    program     static /home/gabo/MPLABXProjects/TMR_RotacionBits.X/delay.inc
                   inicio   0x000005    program     static /home/gabo/MPLABXProjects/TMR_RotacionBits.X/Rotacion_TMR0.asm



                              Symbols - Sorted by Address
                     Name    Address   Location    Storage File                     
                ---------  ---------  ---------  --------- ---------                
                   inicio   0x000005    program     static /home/gabo/MPLABXProjects/TMR_RotacionBits.X/Rotacion_TMR0.asm
          bucle_principal   0x000009    program     static /home/gabo/MPLABXProjects/TMR_RotacionBits.X/Rotacion_TMR0.asm
             _.org_0_000C   0x00000c    program     static /home/gabo/MPLABXProjects/TMR_RotacionBits.X/Rotacion_TMR0.asm
                 delay_ms   0x000011    program     static /home/gabo/MPLABXProjects/TMR_RotacionBits.X/delay.inc
            delay_ms_loop   0x000012    program     static /home/gabo/MPLABXProjects/TMR_RotacionBits.X/delay.inc
                delay_1ms   0x000016    program     static /home/gabo/MPLABXProjects/TMR_RotacionBits.X/delay.inc
           delay_1ms_wait   0x000017    program     static /home/gabo/MPLABXProjects/TMR_RotacionBits.X/delay.inc


